[1498449775.65][2017-06-25 21:02:55][joedark.local][WebServer][debug][3][Adding custom URI handler: /json: JSON Test][]
[1498449775.651][2017-06-25 21:02:55][joedark.local][WebServer][debug][3][Adding custom URI handler: /sleep: Sleep Test][]
[1498449775.651][2017-06-25 21:02:55][joedark.local][WebServer][debug][3][Adding custom URI handler: /redirect: Redirect Test][]
[1498449775.651][2017-06-25 21:02:55][joedark.local][WebServer][debug][3][Adding custom URI handler: /server-status: Server Status][]
[1498449775.629][2017-06-25 21:02:55][joedark.local][WebServerTest][debug][1][WebServerTest v1.0 Starting Up][]
[1498449775.632][2017-06-25 21:02:55][joedark.local][WebServerTest][debug][2][Server IP: 192.168.3.26, Daemon PID: 31079][]
[1498449775.632][2017-06-25 21:02:55][joedark.local][WebServerTest][debug][3][Starting component: WebServer][]
[1498449775.633][2017-06-25 21:02:55][joedark.local][WebServer][debug][2][pixl-server-web v1.0.24 starting up][]
[1498449775.635][2017-06-25 21:02:55][joedark.local][WebServer][debug][2][Starting HTTP server on port: 3020][]
[1498449775.638][2017-06-25 21:02:55][joedark.local][WebServer][debug][2][Starting HTTPS (SSL) server on port: 3021][]
[1498449775.65][2017-06-25 21:02:55][joedark.local][WebServerTest][debug][2][Startup complete, entering main loop][]
[1498449775.663][2017-06-25 21:02:55][joedark.local][WebServer][debug][8][New incoming HTTP connection: c1][{"ip":"::ffff:127.0.0.1","num_conns":1}]
[1498449775.666][2017-06-25 21:02:55][joedark.local][WebServer][debug][8][New HTTP request: GET /json (::ffff:127.0.0.1)][{"socket":"c1","version":"1.1"}]
[1498449775.671][2017-06-25 21:02:55][joedark.local][WebServer][debug][9][Incoming HTTP Headers:][{"x-test":"Test","accept-encoding":"gzip, deflate","user-agent":"PixlRequest 1.0.14","host":"127.0.0.1:3020","connection":"close"}]
[1498449775.672][2017-06-25 21:02:55][joedark.local][WebServer][debug][6][Invoking handler for request: GET /json: JSON Test][]
[1498449775.678][2017-06-25 21:02:55][joedark.local][WebServer][debug][9][Compressed text output with gzip: 284 bytes down to: 222 bytes][]
[1498449775.678][2017-06-25 21:02:55][joedark.local][WebServer][debug][9][Sending HTTP response: 200 OK][{"Content-Type":"application/json","Via":"WebServerTest 1.0","Server":"WebServerTest 1.0","Content-Length":222,"Content-Encoding":"gzip"}]
[1498449775.68][2017-06-25 21:02:55][joedark.local][WebServer][debug][9][Request complete][]
[1498449775.683][2017-06-25 21:02:55][joedark.local][WebServer][debug][9][Response finished writing to socket][]
[1498449775.684][2017-06-25 21:02:55][joedark.local][WebServer][debug][9][Request performance metrics:][{"scale":1000,"perf":{"total":12.856,"read":0.176,"process":0.512,"write":10.839},"counters":{"bytes_in":141,"bytes_out":367,"num_requests":1}}]
[1498449775.684][2017-06-25 21:02:55][joedark.local][WebServer][debug][9][Closing socket: c1][]
[1498449775.685][2017-06-25 21:02:55][joedark.local][WebServer][debug][8][HTTP connection has closed: c1][{"ip":"::ffff:127.0.0.1","total_elapsed":21,"num_requests":1,"bytes_in":141,"bytes_out":367}]
[1498449775.692][2017-06-25 21:02:55][joedark.local][WebServer][debug][8][New incoming HTTP connection: c2][{"ip":"::ffff:127.0.0.1","num_conns":1}]
[1498449775.692][2017-06-25 21:02:55][joedark.local][WebServer][debug][8][New HTTP request: GET /json?foo=bar1234&baz=bop%20pog (::ffff:127.0.0.1)][{"socket":"c2","version":"1.1"}]
[1498449775.692][2017-06-25 21:02:55][joedark.local][WebServer][debug][9][Incoming HTTP Headers:][{"x-test":"Test","accept-encoding":"gzip, deflate","user-agent":"PixlRequest 1.0.14","host":"127.0.0.1:3020","connection":"close"}]
[1498449775.694][2017-06-25 21:02:55][joedark.local][WebServer][debug][6][Invoking handler for request: GET /json: JSON Test][]
[1498449775.695][2017-06-25 21:02:55][joedark.local][WebServer][debug][9][Compressed text output with gzip: 315 bytes down to: 239 bytes][]
[1498449775.695][2017-06-25 21:02:55][joedark.local][WebServer][debug][9][Sending HTTP response: 200 OK][{"Content-Type":"application/json","Via":"WebServerTest 1.0","Server":"WebServerTest 1.0","Content-Length":239,"Content-Encoding":"gzip"}]
[1498449775.695][2017-06-25 21:02:55][joedark.local][WebServer][debug][9][Request complete][]
[1498449775.696][2017-06-25 21:02:55][joedark.local][WebServer][debug][9][Response finished writing to socket][]
[1498449775.696][2017-06-25 21:02:55][joedark.local][WebServer][debug][9][Request performance metrics:][{"scale":1000,"perf":{"total":2.635,"read":0.021,"process":0.254,"write":2.271},"counters":{"bytes_in":167,"bytes_out":384,"num_requests":1}}]
[1498449775.696][2017-06-25 21:02:55][joedark.local][WebServer][debug][9][Closing socket: c2][]
[1498449775.697][2017-06-25 21:02:55][joedark.local][WebServer][debug][8][HTTP connection has closed: c2][{"ip":"::ffff:127.0.0.1","total_elapsed":5,"num_requests":1,"bytes_in":167,"bytes_out":384}]
[1498449775.699][2017-06-25 21:02:55][joedark.local][WebServer][debug][8][New incoming HTTP connection: c3][{"ip":"::ffff:127.0.0.1","num_conns":1}]
[1498449775.7][2017-06-25 21:02:55][joedark.local][WebServer][debug][8][New HTTP request: GET /json (::ffff:127.0.0.1)][{"socket":"c3","version":"1.1"}]
[1498449775.7][2017-06-25 21:02:55][joedark.local][WebServer][debug][9][Incoming HTTP Headers:][{"cookie":"COOKIE1=foo1234; COOKIE2=bar5678;","x-test":"Test","accept-encoding":"gzip, deflate","user-agent":"PixlRequest 1.0.14","host":"127.0.0.1:3020","connection":"close"}]
[1498449775.7][2017-06-25 21:02:55][joedark.local][WebServer][debug][6][Invoking handler for request: GET /json: JSON Test][]
[1498449775.701][2017-06-25 21:02:55][joedark.local][WebServer][debug][9][Compressed text output with gzip: 368 bytes down to: 264 bytes][]
[1498449775.702][2017-06-25 21:02:55][joedark.local][WebServer][debug][9][Sending HTTP response: 200 OK][{"Content-Type":"application/json","Via":"WebServerTest 1.0","Server":"WebServerTest 1.0","Content-Length":264,"Content-Encoding":"gzip"}]
[1498449775.702][2017-06-25 21:02:55][joedark.local][WebServer][debug][9][Request complete][]
[1498449775.703][2017-06-25 21:02:55][joedark.local][WebServer][debug][9][Response finished writing to socket][]
[1498449775.705][2017-06-25 21:02:55][joedark.local][WebServer][debug][9][Request performance metrics:][{"scale":1000,"perf":{"total":4.642,"read":0.009,"process":0.962,"write":3.637},"counters":{"bytes_in":184,"bytes_out":409,"num_requests":1}}]
[1498449775.705][2017-06-25 21:02:55][joedark.local][WebServer][debug][9][Closing socket: c3][]
[1498449775.705][2017-06-25 21:02:55][joedark.local][WebServer][debug][8][HTTP connection has closed: c3][{"ip":"::ffff:127.0.0.1","total_elapsed":6,"num_requests":1,"bytes_in":184,"bytes_out":409}]
[1498449775.708][2017-06-25 21:02:55][joedark.local][WebServer][debug][8][New incoming HTTP connection: c4][{"ip":"::ffff:127.0.0.1","num_conns":1}]
[1498449775.708][2017-06-25 21:02:55][joedark.local][WebServer][debug][8][New HTTP request: POST /json (::ffff:127.0.0.1)][{"socket":"c4","version":"1.1"}]
[1498449775.708][2017-06-25 21:02:55][joedark.local][WebServer][debug][9][Incoming HTTP Headers:][{"x-test":"Test","content-type":"application/x-www-form-urlencoded","accept-encoding":"gzip, deflate","user-agent":"PixlRequest 1.0.14","content-length":"18","host":"127.0.0.1:3020","connection":"close"}]
[1498449775.71][2017-06-25 21:02:55][joedark.local][WebServer][debug][6][Invoking handler for request: POST /json: JSON Test][]
[1498449775.711][2017-06-25 21:02:55][joedark.local][WebServer][debug][9][Compressed text output with gzip: 379 bytes down to: 274 bytes][]
[1498449775.711][2017-06-25 21:02:55][joedark.local][WebServer][debug][9][Sending HTTP response: 200 OK][{"Content-Type":"application/json","Via":"WebServerTest 1.0","Server":"WebServerTest 1.0","Content-Length":274,"Content-Encoding":"gzip"}]
[1498449775.711][2017-06-25 21:02:55][joedark.local][WebServer][debug][9][Request complete][]
[1498449775.711][2017-06-25 21:02:55][joedark.local][WebServer][debug][9][Response finished writing to socket][]
[1498449775.711][2017-06-25 21:02:55][joedark.local][WebServer][debug][9][Request performance metrics:][{"scale":1000,"perf":{"total":2.927,"read":1.606,"process":0.186,"write":1.086},"counters":{"bytes_in":229,"bytes_out":419,"num_requests":1}}]
[1498449775.712][2017-06-25 21:02:55][joedark.local][WebServer][debug][9][Closing socket: c4][]
[1498449775.712][2017-06-25 21:02:55][joedark.local][WebServer][debug][8][HTTP connection has closed: c4][{"ip":"::ffff:127.0.0.1","total_elapsed":4,"num_requests":1,"bytes_in":229,"bytes_out":419}]
[1498449775.717][2017-06-25 21:02:55][joedark.local][WebServer][debug][8][New incoming HTTP connection: c5][{"ip":"::ffff:127.0.0.1","num_conns":1}]
[1498449775.718][2017-06-25 21:02:55][joedark.local][WebServer][debug][8][New HTTP request: POST /json (::ffff:127.0.0.1)][{"socket":"c5","version":"1.1"}]
[1498449775.718][2017-06-25 21:02:55][joedark.local][WebServer][debug][9][Incoming HTTP Headers:][{"x-test":"Test","accept-encoding":"gzip, deflate","user-agent":"PixlRequest 1.0.14","content-type":"multipart/form-data; boundary=--------------------------691028962159690303568958","host":"127.0.0.1:3020","connection":"close","transfer-encoding":"chunked"}]
[1498449775.724][2017-06-25 21:02:55][joedark.local][WebServer][debug][6][Invoking handler for request: POST /json: JSON Test][]
[1498449775.725][2017-06-25 21:02:55][joedark.local][WebServer][debug][9][Compressed text output with gzip: 629 bytes down to: 428 bytes][]
[1498449775.725][2017-06-25 21:02:55][joedark.local][WebServer][debug][9][Sending HTTP response: 200 OK][{"Content-Type":"application/json","Via":"WebServerTest 1.0","Server":"WebServerTest 1.0","Content-Length":428,"Content-Encoding":"gzip"}]
[1498449775.725][2017-06-25 21:02:55][joedark.local][WebServer][debug][9][Request complete][]
[1498449775.726][2017-06-25 21:02:55][joedark.local][WebServer][debug][9][Response finished writing to socket][]
[1498449775.726][2017-06-25 21:02:55][joedark.local][WebServer][debug][9][Request performance metrics:][{"scale":1000,"perf":{"total":7.592,"read":6.114,"process":0.131,"write":1.164},"counters":{"bytes_in":1542,"bytes_out":573,"num_requests":1}}]
[1498449775.726][2017-06-25 21:02:55][joedark.local][WebServer][debug][9][Closing socket: c5][]
[1498449775.726][2017-06-25 21:02:55][joedark.local][WebServer][debug][8][HTTP connection has closed: c5][{"ip":"::ffff:127.0.0.1","total_elapsed":9,"num_requests":1,"bytes_in":1542,"bytes_out":573}]
[1498449775.729][2017-06-25 21:02:55][joedark.local][WebServer][debug][8][New incoming HTTP connection: c6][{"ip":"::ffff:127.0.0.1","num_conns":1}]
[1498449775.729][2017-06-25 21:02:55][joedark.local][WebServer][debug][8][New HTTP request: POST /json (::ffff:127.0.0.1)][{"socket":"c6","version":"1.1"}]
[1498449775.729][2017-06-25 21:02:55][joedark.local][WebServer][debug][9][Incoming HTTP Headers:][{"x-test":"Test","content-type":"application/json","accept-encoding":"gzip, deflate","user-agent":"PixlRequest 1.0.14","content-length":"18","host":"127.0.0.1:3020","connection":"close"}]
[1498449775.73][2017-06-25 21:02:55][joedark.local][WebServer][debug][6][Invoking handler for request: POST /json: JSON Test][]
[1498449775.73][2017-06-25 21:02:55][joedark.local][WebServer][debug][9][Compressed text output with gzip: 355 bytes down to: 260 bytes][]
[1498449775.73][2017-06-25 21:02:55][joedark.local][WebServer][debug][9][Sending HTTP response: 200 OK][{"Content-Type":"application/json","Via":"WebServerTest 1.0","Server":"WebServerTest 1.0","Content-Length":260,"Content-Encoding":"gzip"}]
[1498449775.731][2017-06-25 21:02:55][joedark.local][WebServer][debug][9][Request complete][]
[1498449775.731][2017-06-25 21:02:55][joedark.local][WebServer][debug][9][Response finished writing to socket][]
[1498449775.731][2017-06-25 21:02:55][joedark.local][WebServer][debug][9][Request performance metrics:][{"scale":1000,"perf":{"total":1.526,"read":0.339,"process":0.098,"write":1.063},"counters":{"bytes_in":212,"bytes_out":405,"num_requests":1}}]
[1498449775.731][2017-06-25 21:02:55][joedark.local][WebServer][debug][9][Closing socket: c6][]
[1498449775.731][2017-06-25 21:02:55][joedark.local][WebServer][debug][8][HTTP connection has closed: c6][{"ip":"::ffff:127.0.0.1","total_elapsed":2,"num_requests":1,"bytes_in":212,"bytes_out":405}]
[1498449775.733][2017-06-25 21:02:55][joedark.local][WebServer][debug][8][New incoming HTTP connection: c7][{"ip":"::ffff:127.0.0.1","num_conns":1}]
[1498449775.733][2017-06-25 21:02:55][joedark.local][WebServer][debug][8][New HTTP request: GET /noexist (::ffff:127.0.0.1)][{"socket":"c7","version":"1.1"}]
[1498449775.733][2017-06-25 21:02:55][joedark.local][WebServer][debug][9][Incoming HTTP Headers:][{"accept-encoding":"gzip, deflate","user-agent":"PixlRequest 1.0.14","host":"127.0.0.1:3020","connection":"close"}]
[1498449775.734][2017-06-25 21:02:55][joedark.local][WebServer][debug][9][Serving static file for: /noexist][]
[1498449775.735][2017-06-25 21:02:55][joedark.local][WebServer][error][404][Error serving static file: /noexist: HTTP 404 Not Found][{"ips":["::ffff:127.0.0.1"],"useragent":"PixlRequest 1.0.14","referrer":"","cookie":"","url":"http://127.0.0.1:3020/noexist"}]
[1498449775.735][2017-06-25 21:02:55][joedark.local][WebServer][debug][9][Response finished writing to socket][]
[1498449775.736][2017-06-25 21:02:55][joedark.local][WebServer][debug][9][Request performance metrics:][{"scale":1000,"perf":{"total":2.115,"read":0.017,"process":0.04,"write":1.59},"counters":{"bytes_in":130,"bytes_out":44,"num_requests":1}}]
[1498449775.736][2017-06-25 21:02:55][joedark.local][WebServer][debug][9][Closing socket: c7][]
[1498449775.736][2017-06-25 21:02:55][joedark.local][WebServer][debug][8][HTTP connection has closed: c7][{"ip":"::ffff:127.0.0.1","total_elapsed":3,"num_requests":1,"bytes_in":130,"bytes_out":44}]
[1498449775.737][2017-06-25 21:02:55][joedark.local][WebServer][debug][8][New incoming HTTP connection: c8][{"ip":"::ffff:127.0.0.1","num_conns":1}]
[1498449775.737][2017-06-25 21:02:55][joedark.local][WebServer][debug][8][New HTTP request: GET /sleep?ms=750 (::ffff:127.0.0.1)][{"socket":"c8","version":"1.1"}]
[1498449775.737][2017-06-25 21:02:55][joedark.local][WebServer][debug][9][Incoming HTTP Headers:][{"accept-encoding":"gzip, deflate","user-agent":"PixlRequest 1.0.14","host":"127.0.0.1:3020","connection":"close"}]
[1498449775.738][2017-06-25 21:02:55][joedark.local][WebServer][debug][6][Invoking handler for request: GET /sleep: Sleep Test][]
[1498449776.243][2017-06-25 21:02:56][joedark.local][WebServer][debug][8][New incoming HTTP connection: c9][{"ip":"::ffff:127.0.0.1","num_conns":2}]
[1498449776.244][2017-06-25 21:02:56][joedark.local][WebServer][debug][8][HTTP connection has closed: c8][{"ip":"::ffff:127.0.0.1","total_elapsed":507,"num_requests":0,"bytes_in":0,"bytes_out":0}]
[1498449776.25][2017-06-25 21:02:56][joedark.local][WebServer][debug][8][New HTTP request: GET /index.html (::ffff:127.0.0.1)][{"socket":"c9","version":"1.1"}]
[1498449776.251][2017-06-25 21:02:56][joedark.local][WebServer][debug][9][Incoming HTTP Headers:][{"accept-encoding":"gzip, deflate","user-agent":"PixlRequest 1.0.14","host":"127.0.0.1:3020","connection":"close"}]
[1498449776.251][2017-06-25 21:02:56][joedark.local][WebServer][debug][9][Serving static file for: /index.html][]
[1498449776.255][2017-06-25 21:02:56][joedark.local][WebServer][debug][8][Static HTTP response sent: HTTP 200][{"Via":"WebServerTest 1.0","server":"WebServerTest 1.0","cache-control":"max-age=3600","Vary":"Accept-Encoding","Content-Encoding":"gzip","Etag":"\"11232499-91-1498436105000\"","Date":"Mon, 26 Jun 2017 04:02:56 GMT","Last-Modified":"Mon, 26 Jun 2017 00:15:05 GMT","Content-Type":"text/html","Content-Length":91}]
[1498449776.255][2017-06-25 21:02:56][joedark.local][WebServer][debug][9][Response finished writing to socket][]
[1498449776.255][2017-06-25 21:02:56][joedark.local][WebServer][debug][9][Request performance metrics:][{"scale":1000,"perf":{"total":4.242,"read":0.03,"process":0.011,"write":4.035},"counters":{"bytes_in":133,"bytes_out":398,"num_requests":1}}]
[1498449776.255][2017-06-25 21:02:56][joedark.local][WebServer][debug][9][Closing socket: c9][]
[1498449776.256][2017-06-25 21:02:56][joedark.local][WebServer][debug][8][HTTP connection has closed: c9][{"ip":"::ffff:127.0.0.1","total_elapsed":12,"num_requests":1,"bytes_in":133,"bytes_out":398}]
[1498449776.258][2017-06-25 21:02:56][joedark.local][WebServer][debug][8][New incoming HTTP connection: c10][{"ip":"::ffff:127.0.0.1","num_conns":1}]
[1498449776.258][2017-06-25 21:02:56][joedark.local][WebServer][debug][8][New HTTP request: GET /spacer.gif (::ffff:127.0.0.1)][{"socket":"c10","version":"1.1"}]
[1498449776.258][2017-06-25 21:02:56][joedark.local][WebServer][debug][9][Incoming HTTP Headers:][{"accept-encoding":"gzip, deflate","user-agent":"PixlRequest 1.0.14","host":"127.0.0.1:3020","connection":"close"}]
[1498449776.258][2017-06-25 21:02:56][joedark.local][WebServer][debug][9][Serving static file for: /spacer.gif][]
[1498449776.259][2017-06-25 21:02:56][joedark.local][WebServer][debug][8][Static HTTP response sent: HTTP 200][{"Via":"WebServerTest 1.0","server":"WebServerTest 1.0","cache-control":"max-age=3600","Etag":"\"11212136-43-1478397720000\"","Date":"Mon, 26 Jun 2017 04:02:56 GMT","Last-Modified":"Sun, 06 Nov 2016 02:02:00 GMT","Content-Type":"image/gif","Content-Length":43}]
[1498449776.259][2017-06-25 21:02:56][joedark.local][WebServer][debug][9][Response finished writing to socket][]
[1498449776.259][2017-06-25 21:02:56][joedark.local][WebServer][debug][9][Request performance metrics:][{"scale":1000,"perf":{"total":1.437,"read":0.018,"process":0.009,"write":1.302},"counters":{"bytes_in":133,"bytes_out":303,"num_requests":1}}]
[1498449776.26][2017-06-25 21:02:56][joedark.local][WebServer][debug][9][Closing socket: c10][]
[1498449776.26][2017-06-25 21:02:56][joedark.local][WebServer][debug][8][HTTP connection has closed: c10][{"ip":"::ffff:127.0.0.1","total_elapsed":2,"num_requests":1,"bytes_in":133,"bytes_out":303}]
[1498449776.491][2017-06-25 21:02:56][joedark.local][WebServer][debug][9][Compressed text output with gzip: 52 bytes down to: 69 bytes][]
[1498449776.491][2017-06-25 21:02:56][joedark.local][WebServer][debug][9][Sending HTTP response: 200 OK][{"Content-Type":"application/json","Via":"WebServerTest 1.0","Server":"WebServerTest 1.0","Content-Length":69,"Content-Encoding":"gzip"}]
[1498449776.498][2017-06-25 21:02:56][joedark.local][WebServer][debug][9][Request complete][]
[1498449776.765][2017-06-25 21:02:56][joedark.local][WebServer][debug][8][New incoming HTTP connection: c11][{"ip":"::ffff:127.0.0.1","num_conns":1}]
[1498449776.765][2017-06-25 21:02:56][joedark.local][WebServer][debug][8][New incoming HTTP connection: c12][{"ip":"::ffff:127.0.0.1","num_conns":2}]
[1498449776.771][2017-06-25 21:02:56][joedark.local][WebServer][debug][8][New incoming HTTP connection: c13][{"ip":"::ffff:127.0.0.1","num_conns":3}]
[1498449776.771][2017-06-25 21:02:56][joedark.local][WebServer][debug][8][New incoming HTTP connection: c14][{"ip":"::ffff:127.0.0.1","num_conns":4}]
[1498449776.772][2017-06-25 21:02:56][joedark.local][WebServer][debug][8][New incoming HTTP connection: c15][{"ip":"::ffff:127.0.0.1","num_conns":5}]
[1498449776.773][2017-06-25 21:02:56][joedark.local][WebServer][debug][8][New incoming HTTP connection: c16][{"ip":"::ffff:127.0.0.1","num_conns":6}]
[1498449776.773][2017-06-25 21:02:56][joedark.local][WebServer][debug][8][New incoming HTTP connection: c17][{"ip":"::ffff:127.0.0.1","num_conns":7}]
[1498449776.774][2017-06-25 21:02:56][joedark.local][WebServer][debug][8][New incoming HTTP connection: c18][{"ip":"::ffff:127.0.0.1","num_conns":8}]
[1498449776.774][2017-06-25 21:02:56][joedark.local][WebServer][debug][8][New incoming HTTP connection: c19][{"ip":"::ffff:127.0.0.1","num_conns":9}]
[1498449776.775][2017-06-25 21:02:56][joedark.local][WebServer][debug][8][New incoming HTTP connection: c20][{"ip":"::ffff:127.0.0.1","num_conns":10}]
[1498449776.777][2017-06-25 21:02:56][joedark.local][WebServer][debug][8][New HTTP request: GET /sleep?ms=500 (::ffff:127.0.0.1)][{"socket":"c11","version":"1.1"}]
[1498449776.777][2017-06-25 21:02:56][joedark.local][WebServer][debug][9][Incoming HTTP Headers:][{"accept-encoding":"gzip, deflate","user-agent":"PixlRequest 1.0.14","host":"127.0.0.1:3020","connection":"close"}]
[1498449776.777][2017-06-25 21:02:56][joedark.local][WebServer][debug][6][Invoking handler for request: GET /sleep: Sleep Test][]
[1498449776.777][2017-06-25 21:02:56][joedark.local][WebServer][debug][8][New HTTP request: GET /sleep?ms=500 (::ffff:127.0.0.1)][{"socket":"c12","version":"1.1"}]
[1498449776.778][2017-06-25 21:02:56][joedark.local][WebServer][debug][9][Incoming HTTP Headers:][{"accept-encoding":"gzip, deflate","user-agent":"PixlRequest 1.0.14","host":"127.0.0.1:3020","connection":"close"}]
[1498449776.778][2017-06-25 21:02:56][joedark.local][WebServer][debug][6][Invoking handler for request: GET /sleep: Sleep Test][]
[1498449776.778][2017-06-25 21:02:56][joedark.local][WebServer][debug][8][New HTTP request: GET /sleep?ms=500 (::ffff:127.0.0.1)][{"socket":"c13","version":"1.1"}]
[1498449776.778][2017-06-25 21:02:56][joedark.local][WebServer][debug][9][Incoming HTTP Headers:][{"accept-encoding":"gzip, deflate","user-agent":"PixlRequest 1.0.14","host":"127.0.0.1:3020","connection":"close"}]
[1498449776.778][2017-06-25 21:02:56][joedark.local][WebServer][debug][6][Invoking handler for request: GET /sleep: Sleep Test][]
[1498449776.778][2017-06-25 21:02:56][joedark.local][WebServer][debug][8][New HTTP request: GET /sleep?ms=500 (::ffff:127.0.0.1)][{"socket":"c14","version":"1.1"}]
[1498449776.778][2017-06-25 21:02:56][joedark.local][WebServer][debug][9][Incoming HTTP Headers:][{"accept-encoding":"gzip, deflate","user-agent":"PixlRequest 1.0.14","host":"127.0.0.1:3020","connection":"close"}]
[1498449776.779][2017-06-25 21:02:56][joedark.local][WebServer][debug][6][Invoking handler for request: GET /sleep: Sleep Test][]
[1498449776.779][2017-06-25 21:02:56][joedark.local][WebServer][debug][8][New HTTP request: GET /sleep?ms=500 (::ffff:127.0.0.1)][{"socket":"c15","version":"1.1"}]
[1498449776.779][2017-06-25 21:02:56][joedark.local][WebServer][debug][9][Incoming HTTP Headers:][{"accept-encoding":"gzip, deflate","user-agent":"PixlRequest 1.0.14","host":"127.0.0.1:3020","connection":"close"}]
[1498449776.779][2017-06-25 21:02:56][joedark.local][WebServer][debug][6][Invoking handler for request: GET /sleep: Sleep Test][]
[1498449776.779][2017-06-25 21:02:56][joedark.local][WebServer][debug][8][New HTTP request: GET /sleep?ms=500 (::ffff:127.0.0.1)][{"socket":"c16","version":"1.1"}]
[1498449776.779][2017-06-25 21:02:56][joedark.local][WebServer][debug][9][Incoming HTTP Headers:][{"accept-encoding":"gzip, deflate","user-agent":"PixlRequest 1.0.14","host":"127.0.0.1:3020","connection":"close"}]
[1498449776.78][2017-06-25 21:02:56][joedark.local][WebServer][debug][6][Invoking handler for request: GET /sleep: Sleep Test][]
[1498449776.78][2017-06-25 21:02:56][joedark.local][WebServer][debug][8][New HTTP request: GET /sleep?ms=500 (::ffff:127.0.0.1)][{"socket":"c17","version":"1.1"}]
[1498449776.78][2017-06-25 21:02:56][joedark.local][WebServer][debug][9][Incoming HTTP Headers:][{"accept-encoding":"gzip, deflate","user-agent":"PixlRequest 1.0.14","host":"127.0.0.1:3020","connection":"close"}]
[1498449776.78][2017-06-25 21:02:56][joedark.local][WebServer][debug][6][Invoking handler for request: GET /sleep: Sleep Test][]
[1498449776.78][2017-06-25 21:02:56][joedark.local][WebServer][debug][8][New HTTP request: GET /sleep?ms=500 (::ffff:127.0.0.1)][{"socket":"c18","version":"1.1"}]
[1498449776.78][2017-06-25 21:02:56][joedark.local][WebServer][debug][9][Incoming HTTP Headers:][{"accept-encoding":"gzip, deflate","user-agent":"PixlRequest 1.0.14","host":"127.0.0.1:3020","connection":"close"}]
[1498449776.781][2017-06-25 21:02:56][joedark.local][WebServer][debug][6][Invoking handler for request: GET /sleep: Sleep Test][]
[1498449776.781][2017-06-25 21:02:56][joedark.local][WebServer][debug][8][New HTTP request: GET /sleep?ms=500 (::ffff:127.0.0.1)][{"socket":"c19","version":"1.1"}]
[1498449776.781][2017-06-25 21:02:56][joedark.local][WebServer][debug][9][Incoming HTTP Headers:][{"accept-encoding":"gzip, deflate","user-agent":"PixlRequest 1.0.14","host":"127.0.0.1:3020","connection":"close"}]
[1498449776.782][2017-06-25 21:02:56][joedark.local][WebServer][debug][6][Invoking handler for request: GET /sleep: Sleep Test][]
[1498449776.782][2017-06-25 21:02:56][joedark.local][WebServer][debug][8][New HTTP request: GET /sleep?ms=500 (::ffff:127.0.0.1)][{"socket":"c20","version":"1.1"}]
[1498449776.782][2017-06-25 21:02:56][joedark.local][WebServer][debug][9][Incoming HTTP Headers:][{"accept-encoding":"gzip, deflate","user-agent":"PixlRequest 1.0.14","host":"127.0.0.1:3020","connection":"close"}]
[1498449776.782][2017-06-25 21:02:56][joedark.local][WebServer][debug][6][Invoking handler for request: GET /sleep: Sleep Test][]
[1498449777.018][2017-06-25 21:02:57][joedark.local][WebServer][error][maxconns][Maximum concurrent connections reached, denying connection from: ::ffff:127.0.0.1][{"ip":"::ffff:127.0.0.1","max":10}]
[1498449777.281][2017-06-25 21:02:57][joedark.local][WebServer][debug][9][Compressed text output with gzip: 52 bytes down to: 69 bytes][]
[1498449777.281][2017-06-25 21:02:57][joedark.local][WebServer][debug][9][Sending HTTP response: 200 OK][{"Content-Type":"application/json","Via":"WebServerTest 1.0","Server":"WebServerTest 1.0","Content-Length":69,"Content-Encoding":"gzip"}]
[1498449777.287][2017-06-25 21:02:57][joedark.local][WebServer][debug][9][Request complete][]
[1498449777.288][2017-06-25 21:02:57][joedark.local][WebServer][debug][9][Response finished writing to socket][]
[1498449777.288][2017-06-25 21:02:57][joedark.local][WebServer][debug][9][Request performance metrics:][{"scale":1000,"perf":{"total":511.163,"read":0.022,"process":501.493,"write":9.596},"counters":{"bytes_in":135,"bytes_out":213,"num_requests":1}}]
[1498449777.288][2017-06-25 21:02:57][joedark.local][WebServer][debug][9][Closing socket: c11][]
[1498449777.289][2017-06-25 21:02:57][joedark.local][WebServer][debug][9][Compressed text output with gzip: 52 bytes down to: 69 bytes][]
[1498449777.289][2017-06-25 21:02:57][joedark.local][WebServer][debug][9][Sending HTTP response: 200 OK][{"Content-Type":"application/json","Via":"WebServerTest 1.0","Server":"WebServerTest 1.0","Content-Length":69,"Content-Encoding":"gzip"}]
[1498449777.289][2017-06-25 21:02:57][joedark.local][WebServer][debug][9][Request complete][]
[1498449777.289][2017-06-25 21:02:57][joedark.local][WebServer][debug][9][Response finished writing to socket][]
[1498449777.289][2017-06-25 21:02:57][joedark.local][WebServer][debug][9][Request performance metrics:][{"scale":1000,"perf":{"total":511.653,"read":0.011,"process":501.1,"write":10.513},"counters":{"bytes_in":135,"bytes_out":213,"num_requests":1}}]
[1498449777.289][2017-06-25 21:02:57][joedark.local][WebServer][debug][9][Closing socket: c12][]
[1498449777.29][2017-06-25 21:02:57][joedark.local][WebServer][debug][9][Compressed text output with gzip: 52 bytes down to: 69 bytes][]
[1498449777.29][2017-06-25 21:02:57][joedark.local][WebServer][debug][9][Sending HTTP response: 200 OK][{"Content-Type":"application/json","Via":"WebServerTest 1.0","Server":"WebServerTest 1.0","Content-Length":69,"Content-Encoding":"gzip"}]
[1498449777.29][2017-06-25 21:02:57][joedark.local][WebServer][debug][9][Request complete][]
[1498449777.291][2017-06-25 21:02:57][joedark.local][WebServer][debug][9][Response finished writing to socket][]
[1498449777.291][2017-06-25 21:02:57][joedark.local][WebServer][debug][9][Request performance metrics:][{"scale":1000,"perf":{"total":512.635,"read":0.006,"process":500.81,"write":11.797},"counters":{"bytes_in":135,"bytes_out":213,"num_requests":1}}]
[1498449777.291][2017-06-25 21:02:57][joedark.local][WebServer][debug][9][Closing socket: c13][]
[1498449777.291][2017-06-25 21:02:57][joedark.local][WebServer][debug][9][Compressed text output with gzip: 52 bytes down to: 69 bytes][]
[1498449777.291][2017-06-25 21:02:57][joedark.local][WebServer][debug][9][Sending HTTP response: 200 OK][{"Content-Type":"application/json","Via":"WebServerTest 1.0","Server":"WebServerTest 1.0","Content-Length":69,"Content-Encoding":"gzip"}]
[1498449777.292][2017-06-25 21:02:57][joedark.local][WebServer][debug][9][Request complete][]
[1498449777.292][2017-06-25 21:02:57][joedark.local][WebServer][debug][9][Response finished writing to socket][]
[1498449777.292][2017-06-25 21:02:57][joedark.local][WebServer][debug][9][Request performance metrics:][{"scale":1000,"perf":{"total":513.321,"read":0.01,"process":500.404,"write":12.878},"counters":{"bytes_in":135,"bytes_out":213,"num_requests":1}}]
[1498449777.292][2017-06-25 21:02:57][joedark.local][WebServer][debug][9][Closing socket: c14][]
[1498449777.292][2017-06-25 21:02:57][joedark.local][WebServer][debug][9][Compressed text output with gzip: 52 bytes down to: 69 bytes][]
[1498449777.292][2017-06-25 21:02:57][joedark.local][WebServer][debug][9][Sending HTTP response: 200 OK][{"Content-Type":"application/json","Via":"WebServerTest 1.0","Server":"WebServerTest 1.0","Content-Length":69,"Content-Encoding":"gzip"}]
[1498449777.293][2017-06-25 21:02:57][joedark.local][WebServer][debug][9][Request complete][]
[1498449777.293][2017-06-25 21:02:57][joedark.local][WebServer][debug][9][Response finished writing to socket][]
[1498449777.293][2017-06-25 21:02:57][joedark.local][WebServer][debug][9][Request performance metrics:][{"scale":1000,"perf":{"total":513.99,"read":0.006,"process":500.073,"write":13.831},"counters":{"bytes_in":135,"bytes_out":213,"num_requests":1}}]
[1498449777.293][2017-06-25 21:02:57][joedark.local][WebServer][debug][9][Closing socket: c15][]
[1498449777.294][2017-06-25 21:02:57][joedark.local][WebServer][debug][8][HTTP connection has closed: c15][{"ip":"::ffff:127.0.0.1","total_elapsed":522,"num_requests":1,"bytes_in":135,"bytes_out":213}]
[1498449777.294][2017-06-25 21:02:57][joedark.local][WebServer][debug][8][HTTP connection has closed: c14][{"ip":"::ffff:127.0.0.1","total_elapsed":522,"num_requests":1,"bytes_in":135,"bytes_out":213}]
[1498449777.294][2017-06-25 21:02:57][joedark.local][WebServer][debug][8][HTTP connection has closed: c13][{"ip":"::ffff:127.0.0.1","total_elapsed":523,"num_requests":1,"bytes_in":135,"bytes_out":213}]
[1498449777.294][2017-06-25 21:02:57][joedark.local][WebServer][debug][8][HTTP connection has closed: c12][{"ip":"::ffff:127.0.0.1","total_elapsed":523,"num_requests":1,"bytes_in":135,"bytes_out":213}]
[1498449777.295][2017-06-25 21:02:57][joedark.local][WebServer][debug][8][HTTP connection has closed: c11][{"ip":"::ffff:127.0.0.1","total_elapsed":530,"num_requests":1,"bytes_in":135,"bytes_out":213}]
[1498449777.296][2017-06-25 21:02:57][joedark.local][WebServer][debug][9][Compressed text output with gzip: 52 bytes down to: 69 bytes][]
[1498449777.296][2017-06-25 21:02:57][joedark.local][WebServer][debug][9][Sending HTTP response: 200 OK][{"Content-Type":"application/json","Via":"WebServerTest 1.0","Server":"WebServerTest 1.0","Content-Length":69,"Content-Encoding":"gzip"}]
[1498449777.296][2017-06-25 21:02:57][joedark.local][WebServer][debug][9][Request complete][]
[1498449777.296][2017-06-25 21:02:57][joedark.local][WebServer][debug][9][Response finished writing to socket][]
[1498449777.296][2017-06-25 21:02:57][joedark.local][WebServer][debug][9][Request performance metrics:][{"scale":1000,"perf":{"total":516.706,"read":0.016,"process":499.651,"write":17.016},"counters":{"bytes_in":135,"bytes_out":213,"num_requests":1}}]
[1498449777.297][2017-06-25 21:02:57][joedark.local][WebServer][debug][9][Closing socket: c16][]
[1498449777.297][2017-06-25 21:02:57][joedark.local][WebServer][debug][9][Compressed text output with gzip: 52 bytes down to: 69 bytes][]
[1498449777.297][2017-06-25 21:02:57][joedark.local][WebServer][debug][9][Sending HTTP response: 200 OK][{"Content-Type":"application/json","Via":"WebServerTest 1.0","Server":"WebServerTest 1.0","Content-Length":69,"Content-Encoding":"gzip"}]
[1498449777.298][2017-06-25 21:02:57][joedark.local][WebServer][debug][9][Request complete][]
[1498449777.298][2017-06-25 21:02:57][joedark.local][WebServer][debug][9][Response finished writing to socket][]
[1498449777.298][2017-06-25 21:02:57][joedark.local][WebServer][debug][9][Request performance metrics:][{"scale":1000,"perf":{"total":517.931,"read":0.006,"process":500.157,"write":17.739},"counters":{"bytes_in":135,"bytes_out":213,"num_requests":1}}]
[1498449777.298][2017-06-25 21:02:57][joedark.local][WebServer][debug][9][Closing socket: c17][]
[1498449777.299][2017-06-25 21:02:57][joedark.local][WebServer][debug][9][Compressed text output with gzip: 52 bytes down to: 69 bytes][]
[1498449777.299][2017-06-25 21:02:57][joedark.local][WebServer][debug][9][Sending HTTP response: 200 OK][{"Content-Type":"application/json","Via":"WebServerTest 1.0","Server":"WebServerTest 1.0","Content-Length":69,"Content-Encoding":"gzip"}]
[1498449777.299][2017-06-25 21:02:57][joedark.local][WebServer][debug][9][Request complete][]
[1498449777.299][2017-06-25 21:02:57][joedark.local][WebServer][debug][9][Response finished writing to socket][]
[1498449777.299][2017-06-25 21:02:57][joedark.local][WebServer][debug][9][Request performance metrics:][{"scale":1000,"perf":{"total":518.66,"read":0.009,"process":499.776,"write":18.851},"counters":{"bytes_in":135,"bytes_out":213,"num_requests":1}}]
[1498449777.3][2017-06-25 21:02:57][joedark.local][WebServer][debug][9][Closing socket: c18][]
[1498449777.302][2017-06-25 21:02:57][joedark.local][WebServer][debug][8][HTTP connection has closed: c18][{"ip":"::ffff:127.0.0.1","total_elapsed":528,"num_requests":1,"bytes_in":135,"bytes_out":213}]
[1498449777.303][2017-06-25 21:02:57][joedark.local][WebServer][debug][8][HTTP connection has closed: c17][{"ip":"::ffff:127.0.0.1","total_elapsed":530,"num_requests":1,"bytes_in":135,"bytes_out":213}]
[1498449777.303][2017-06-25 21:02:57][joedark.local][WebServer][debug][8][HTTP connection has closed: c16][{"ip":"::ffff:127.0.0.1","total_elapsed":530,"num_requests":1,"bytes_in":135,"bytes_out":213}]
[1498449777.303][2017-06-25 21:02:57][joedark.local][WebServer][debug][9][Compressed text output with gzip: 52 bytes down to: 69 bytes][]
[1498449777.303][2017-06-25 21:02:57][joedark.local][WebServer][debug][9][Sending HTTP response: 200 OK][{"Content-Type":"application/json","Via":"WebServerTest 1.0","Server":"WebServerTest 1.0","Content-Length":69,"Content-Encoding":"gzip"}]
[1498449777.304][2017-06-25 21:02:57][joedark.local][WebServer][debug][9][Request complete][]
[1498449777.304][2017-06-25 21:02:57][joedark.local][WebServer][debug][9][Response finished writing to socket][]
[1498449777.304][2017-06-25 21:02:57][joedark.local][WebServer][debug][9][Request performance metrics:][{"scale":1000,"perf":{"total":522.264,"read":0.007,"process":513.107,"write":9.117},"counters":{"bytes_in":135,"bytes_out":213,"num_requests":1}}]
[1498449777.304][2017-06-25 21:02:57][joedark.local][WebServer][debug][9][Closing socket: c19][]
[1498449777.305][2017-06-25 21:02:57][joedark.local][WebServer][debug][8][HTTP connection has closed: c19][{"ip":"::ffff:127.0.0.1","total_elapsed":530,"num_requests":1,"bytes_in":135,"bytes_out":213}]
[1498449777.305][2017-06-25 21:02:57][joedark.local][WebServer][debug][9][Compressed text output with gzip: 52 bytes down to: 69 bytes][]
[1498449777.305][2017-06-25 21:02:57][joedark.local][WebServer][debug][9][Sending HTTP response: 200 OK][{"Content-Type":"application/json","Via":"WebServerTest 1.0","Server":"WebServerTest 1.0","Content-Length":69,"Content-Encoding":"gzip"}]
[1498449777.305][2017-06-25 21:02:57][joedark.local][WebServer][debug][9][Request complete][]
[1498449777.305][2017-06-25 21:02:57][joedark.local][WebServer][debug][9][Response finished writing to socket][]
[1498449777.305][2017-06-25 21:02:57][joedark.local][WebServer][debug][9][Request performance metrics:][{"scale":1000,"perf":{"total":523.396,"read":0.074,"process":513.228,"write":9.945},"counters":{"bytes_in":135,"bytes_out":213,"num_requests":1}}]
[1498449777.306][2017-06-25 21:02:57][joedark.local][WebServer][debug][9][Closing socket: c20][]
[1498449777.306][2017-06-25 21:02:57][joedark.local][WebServer][debug][8][HTTP connection has closed: c20][{"ip":"::ffff:127.0.0.1","total_elapsed":531,"num_requests":1,"bytes_in":135,"bytes_out":213}]
[1498449777.525][2017-06-25 21:02:57][joedark.local][WebServer][debug][8][New incoming HTTP connection: c21][{"ip":"::ffff:127.0.0.1","num_conns":1}]
[1498449777.525][2017-06-25 21:02:57][joedark.local][WebServer][debug][8][New HTTP request: POST /json (::ffff:127.0.0.1)][{"socket":"c21","version":"1.1"}]
[1498449777.525][2017-06-25 21:02:57][joedark.local][WebServer][debug][9][Incoming HTTP Headers:][{"accept-encoding":"gzip, deflate","user-agent":"PixlRequest 1.0.14","content-type":"multipart/form-data; boundary=--------------------------501103680477939480629967","host":"127.0.0.1:3020","connection":"close","transfer-encoding":"chunked"}]
[1498449777.527][2017-06-25 21:02:57][joedark.local][WebServer][error][400][Error processing POST from: ::ffff:127.0.0.1: /json: Error: maxFieldsSize exceeded, received 10241 bytes of field data][]
[1498449777.527][2017-06-25 21:02:57][joedark.local][WebServer][debug][9][Sending HTTP response: 400 Bad Request][{"Via":"WebServerTest 1.0","Server":"WebServerTest 1.0","Content-Length":15}]
[1498449777.527][2017-06-25 21:02:57][joedark.local][WebServer][debug][9][Request complete][]
[1498449777.528][2017-06-25 21:02:57][joedark.local][WebServer][debug][9][Response finished writing to socket][]
[1498449777.528][2017-06-25 21:02:57][joedark.local][WebServer][debug][9][Request performance metrics:][{"scale":1000,"perf":{"total":1.963,"read":0.879,"write":0.846},"counters":{"bytes_in":10781,"bytes_out":103,"num_requests":1}}]
[1498449777.528][2017-06-25 21:02:57][joedark.local][WebServer][debug][9][Closing socket: c21][]
[1498449777.528][2017-06-25 21:02:57][joedark.local][WebServer][debug][8][HTTP connection has closed: c21][{"ip":"::ffff:127.0.0.1","total_elapsed":3,"num_requests":1,"bytes_in":10781,"bytes_out":103}]
[1498449777.53][2017-06-25 21:02:57][joedark.local][WebServer][debug][8][New incoming HTTP connection: c22][{"ip":"::ffff:127.0.0.1","num_conns":1}]
[1498449777.53][2017-06-25 21:02:57][joedark.local][WebServer][debug][8][New HTTP request: POST /json (::ffff:127.0.0.1)][{"socket":"c22","version":"1.1"}]
[1498449777.53][2017-06-25 21:02:57][joedark.local][WebServer][debug][9][Incoming HTTP Headers:][{"content-type":"application/octet-stream","accept-encoding":"gzip, deflate","user-agent":"PixlRequest 1.0.14","content-length":"10241","host":"127.0.0.1:3020","connection":"close"}]
[1498449777.534][2017-06-25 21:02:57][joedark.local][WebServer][error][413][Error processing POST from: ::ffff:127.0.0.1: /json: Max POST size exceeded][]
[1498449777.534][2017-06-25 21:02:57][joedark.local][WebServer][debug][6][Invoking handler for request: POST /json: JSON Test][]
[1498449777.543][2017-06-25 21:02:57][joedark.local][WebServer][debug][8][New incoming HTTP connection: c23][{"ip":"::ffff:127.0.0.1","num_conns":2}]
[1498449777.543][2017-06-25 21:02:57][joedark.local][WebServer][debug][8][HTTP connection has closed: c22][{"ip":"::ffff:127.0.0.1","total_elapsed":13,"num_requests":0,"bytes_in":0,"bytes_out":0}]
[1498449777.543][2017-06-25 21:02:57][joedark.local][WebServer][debug][8][New HTTP request: GET /json (::ffff:127.0.0.1)][{"socket":"c23","version":"1.1"}]
[1498449777.543][2017-06-25 21:02:57][joedark.local][WebServer][debug][9][Incoming HTTP Headers:][{"accept-encoding":"gzip, deflate","user-agent":"PixlRequest 1.0.14","host":"127.0.0.1:3020","connection":"close"}]
[1498449777.543][2017-06-25 21:02:57][joedark.local][WebServer][debug][6][Invoking handler for request: GET /json: JSON Test][]
[1498449777.544][2017-06-25 21:02:57][joedark.local][WebServer][debug][9][Compressed text output with gzip: 269 bytes down to: 214 bytes][]
[1498449777.544][2017-06-25 21:02:57][joedark.local][WebServer][debug][9][Sending HTTP response: 200 OK][{"Content-Type":"application/json","Via":"WebServerTest 1.0","Server":"WebServerTest 1.0","Content-Length":214,"Content-Encoding":"gzip"}]
[1498449777.545][2017-06-25 21:02:57][joedark.local][WebServer][debug][9][Request complete][]
[1498449777.545][2017-06-25 21:02:57][joedark.local][WebServer][debug][9][Response finished writing to socket][]
[1498449777.545][2017-06-25 21:02:57][joedark.local][WebServer][debug][9][Request performance metrics:][{"scale":1000,"perf":{"total":1.443,"read":0.027,"process":0.1,"write":1.291},"counters":{"bytes_in":127,"bytes_out":359,"num_requests":1}}]
[1498449777.545][2017-06-25 21:02:57][joedark.local][WebServer][debug][9][Closing socket: c23][]
[1498449777.546][2017-06-25 21:02:57][joedark.local][WebServer][debug][8][HTTP connection has closed: c23][{"ip":"::ffff:127.0.0.1","total_elapsed":3,"num_requests":1,"bytes_in":127,"bytes_out":359}]
[1498449777.549][2017-06-25 21:02:57][joedark.local][WebServer][debug][9][Compressed text output with gzip: 36993 bytes down to: 14628 bytes][]
[1498449777.55][2017-06-25 21:02:57][joedark.local][WebServer][debug][9][Sending HTTP response: 200 OK][{"Content-Type":"application/json","Via":"WebServerTest 1.0","Server":"WebServerTest 1.0","Content-Length":14628,"Content-Encoding":"gzip"}]
[1498449777.55][2017-06-25 21:02:57][joedark.local][WebServer][debug][9][Request complete][]
[1498449777.55][2017-06-25 21:02:57][joedark.local][WebServer][debug][8][New incoming HTTP connection: c24][{"ip":"::ffff:127.0.0.1","num_conns":1}]
[1498449777.55][2017-06-25 21:02:57][joedark.local][WebServer][debug][8][New HTTP request: GET /json (::ffff:127.0.0.1)][{"socket":"c24","version":"1.1"}]
[1498449777.55][2017-06-25 21:02:57][joedark.local][WebServer][debug][9][Incoming HTTP Headers:][{"accept-encoding":"gzip, deflate","user-agent":"PixlRequest 1.0.14","host":"127.0.0.1:3020","connection":"close"}]
[1498449777.55][2017-06-25 21:02:57][joedark.local][WebServer][debug][6][Invoking handler for request: GET /json: JSON Test][]
[1498449777.551][2017-06-25 21:02:57][joedark.local][WebServer][debug][9][Compressed text output with gzip: 269 bytes down to: 214 bytes][]
[1498449777.551][2017-06-25 21:02:57][joedark.local][WebServer][debug][9][Sending HTTP response: 200 OK][{"Content-Type":"application/json","Via":"WebServerTest 1.0","Server":"WebServerTest 1.0","Content-Length":214,"Content-Encoding":"gzip"}]
[1498449777.552][2017-06-25 21:02:57][joedark.local][WebServer][debug][9][Request complete][]
[1498449777.552][2017-06-25 21:02:57][joedark.local][WebServer][debug][9][Response finished writing to socket][]
[1498449777.552][2017-06-25 21:02:57][joedark.local][WebServer][debug][9][Request performance metrics:][{"scale":1000,"perf":{"total":1.676,"read":0.007,"process":0.076,"write":1.567},"counters":{"bytes_in":127,"bytes_out":359,"num_requests":1}}]
[1498449777.552][2017-06-25 21:02:57][joedark.local][WebServer][debug][9][Closing socket: c24][]
[1498449777.552][2017-06-25 21:02:57][joedark.local][WebServer][debug][8][HTTP connection has closed: c24][{"ip":"::ffff:127.0.0.1","total_elapsed":2,"num_requests":1,"bytes_in":127,"bytes_out":359}]
[1498449777.554][2017-06-25 21:02:57][joedark.local][WebServer][debug][8][New incoming HTTP connection: c25][{"ip":"::ffff:127.0.0.1","num_conns":1}]
[1498449777.554][2017-06-25 21:02:57][joedark.local][WebServer][debug][8][New HTTP request: GET /json (::ffff:127.0.0.1)][{"socket":"c25","version":"1.1"}]
[1498449777.554][2017-06-25 21:02:57][joedark.local][WebServer][debug][9][Incoming HTTP Headers:][{"accept-encoding":"gzip, deflate","user-agent":"PixlRequest 1.0.14","host":"127.0.0.1:3020","connection":"keep-alive"}]
[1498449777.555][2017-06-25 21:02:57][joedark.local][WebServer][debug][6][Invoking handler for request: GET /json: JSON Test][]
[1498449777.556][2017-06-25 21:02:57][joedark.local][WebServer][debug][9][Compressed text output with gzip: 274 bytes down to: 216 bytes][]
[1498449777.556][2017-06-25 21:02:57][joedark.local][WebServer][debug][9][Sending HTTP response: 200 OK][{"Content-Type":"application/json","Via":"WebServerTest 1.0","Server":"WebServerTest 1.0","Content-Length":216,"Content-Encoding":"gzip"}]
[1498449777.556][2017-06-25 21:02:57][joedark.local][WebServer][debug][9][Request complete][]
[1498449777.556][2017-06-25 21:02:57][joedark.local][WebServer][debug][9][Response finished writing to socket][]
[1498449777.556][2017-06-25 21:02:57][joedark.local][WebServer][debug][9][Request performance metrics:][{"scale":1000,"perf":{"total":1.859,"read":0.009,"process":0.091,"write":1.736},"counters":{"bytes_in":132,"bytes_out":361,"num_requests":1}}]
[1498449777.557][2017-06-25 21:02:57][joedark.local][WebServer][debug][9][Keeping socket open for keep-alives: c25][]
[1498449777.558][2017-06-25 21:02:57][joedark.local][WebServer][debug][8][New HTTP request: GET /json (::ffff:127.0.0.1)][{"socket":"c25","version":"1.1"}]
[1498449777.558][2017-06-25 21:02:57][joedark.local][WebServer][debug][9][Incoming HTTP Headers:][{"accept-encoding":"gzip, deflate","user-agent":"PixlRequest 1.0.14","host":"127.0.0.1:3020","connection":"keep-alive"}]
[1498449777.558][2017-06-25 21:02:57][joedark.local][WebServer][debug][6][Invoking handler for request: GET /json: JSON Test][]
[1498449777.559][2017-06-25 21:02:57][joedark.local][WebServer][debug][9][Compressed text output with gzip: 274 bytes down to: 216 bytes][]
[1498449777.559][2017-06-25 21:02:57][joedark.local][WebServer][debug][9][Sending HTTP response: 200 OK][{"Content-Type":"application/json","Via":"WebServerTest 1.0","Server":"WebServerTest 1.0","Content-Length":216,"Content-Encoding":"gzip"}]
[1498449777.559][2017-06-25 21:02:57][joedark.local][WebServer][debug][9][Request complete][]
[1498449777.559][2017-06-25 21:02:57][joedark.local][WebServer][debug][9][Response finished writing to socket][]
[1498449777.56][2017-06-25 21:02:57][joedark.local][WebServer][debug][9][Request performance metrics:][{"scale":1000,"perf":{"total":1.243,"read":0.016,"process":0.252,"write":0.946},"counters":{"bytes_in":132,"bytes_out":361,"num_requests":1}}]
[1498449777.56][2017-06-25 21:02:57][joedark.local][WebServer][debug][9][Keeping socket open for keep-alives: c25][]
[1498449777.562][2017-06-25 21:02:57][joedark.local][WebServer][debug][8][New incoming HTTP connection: c26][{"ip":"::ffff:127.0.0.1","num_conns":2}]
[1498449777.562][2017-06-25 21:02:57][joedark.local][WebServer][debug][8][New HTTP request: GET /redirect (::ffff:127.0.0.1)][{"socket":"c26","version":"1.1"}]
[1498449777.562][2017-06-25 21:02:57][joedark.local][WebServer][debug][9][Incoming HTTP Headers:][{"accept-encoding":"gzip, deflate","user-agent":"PixlRequest 1.0.14","host":"127.0.0.1:3020","connection":"close"}]
[1498449777.563][2017-06-25 21:02:57][joedark.local][WebServer][debug][6][Invoking handler for request: GET /redirect: Redirect Test][]
[1498449777.563][2017-06-25 21:02:57][joedark.local][WebServer][debug][9][Sending HTTP response: 302 Found][{"Location":"http://127.0.0.1:3020/json?redirected=1","Via":"WebServerTest 1.0","Server":"WebServerTest 1.0"}]
[1498449777.563][2017-06-25 21:02:57][joedark.local][WebServer][debug][9][Request complete][]
[1498449777.563][2017-06-25 21:02:57][joedark.local][WebServer][debug][9][Response finished writing to socket][]
[1498449777.563][2017-06-25 21:02:57][joedark.local][WebServer][debug][9][Request performance metrics:][{"scale":1000,"perf":{"total":0.722,"read":0.009,"process":0.215,"write":0.474},"counters":{"bytes_in":131,"bytes_out":119,"num_requests":1}}]
[1498449777.564][2017-06-25 21:02:57][joedark.local][WebServer][debug][9][Closing socket: c26][]
[1498449777.564][2017-06-25 21:02:57][joedark.local][WebServer][debug][8][HTTP connection has closed: c26][{"ip":"::ffff:127.0.0.1","total_elapsed":2,"num_requests":1,"bytes_in":131,"bytes_out":119}]
[1498449777.565][2017-06-25 21:02:57][joedark.local][WebServer][debug][8][New incoming HTTP connection: c27][{"ip":"::ffff:127.0.0.1","num_conns":2}]
[1498449777.566][2017-06-25 21:02:57][joedark.local][WebServer][debug][8][New HTTP request: GET /server-status (1.2.3.4, ::ffff:127.0.0.1)][{"socket":"c27","version":"1.1"}]
[1498449777.566][2017-06-25 21:02:57][joedark.local][WebServer][debug][9][Incoming HTTP Headers:][{"x-forwarded-for":"1.2.3.4","accept-encoding":"gzip, deflate","user-agent":"PixlRequest 1.0.14","host":"127.0.0.1:3020","connection":"close"}]
[1498449777.566][2017-06-25 21:02:57][joedark.local][WebServer][debug][6][Invoking handler for request: GET /server-status: Server Status][]
[1498449777.567][2017-06-25 21:02:57][joedark.local][WebServer][error][403][Forbidden: IP address rejected by ACL: 1.2.3.4][{"ips":["1.2.3.4","::ffff:127.0.0.1"],"useragent":"PixlRequest 1.0.14","referrer":"","cookie":"","url":"http://127.0.0.1:3020/server-status"}]
[1498449777.567][2017-06-25 21:02:57][joedark.local][WebServer][debug][9][Sending HTTP response: 403 Forbidden][{"Content-Type":"text/html","Via":"WebServerTest 1.0","Server":"WebServerTest 1.0","Content-Length":39}]
[1498449777.567][2017-06-25 21:02:57][joedark.local][WebServer][debug][9][Request complete][]
[1498449777.567][2017-06-25 21:02:57][joedark.local][WebServer][debug][9][Response finished writing to socket][]
[1498449777.568][2017-06-25 21:02:57][joedark.local][WebServer][debug][9][Request performance metrics:][{"scale":1000,"perf":{"total":1.249,"read":0.022,"process":0.526,"write":0.669},"counters":{"bytes_in":162,"bytes_out":152,"num_requests":1}}]
[1498449777.568][2017-06-25 21:02:57][joedark.local][WebServer][debug][9][Closing socket: c27][]
[1498449777.568][2017-06-25 21:02:57][joedark.local][WebServer][debug][8][HTTP connection has closed: c27][{"ip":"::ffff:127.0.0.1","total_elapsed":2,"num_requests":1,"bytes_in":162,"bytes_out":152}]
[1498449777.569][2017-06-25 21:02:57][joedark.local][WebServer][debug][8][New incoming HTTP connection: c28][{"ip":"::ffff:127.0.0.1","num_conns":2}]
[1498449777.57][2017-06-25 21:02:57][joedark.local][WebServer][debug][8][New HTTP request: GET /server-status (::ffff:127.0.0.1)][{"socket":"c28","version":"1.1"}]
[1498449777.57][2017-06-25 21:02:57][joedark.local][WebServer][debug][9][Incoming HTTP Headers:][{"accept-encoding":"gzip, deflate","user-agent":"PixlRequest 1.0.14","host":"127.0.0.1:3020","connection":"close"}]
[1498449777.57][2017-06-25 21:02:57][joedark.local][WebServer][debug][6][Invoking handler for request: GET /server-status: Server Status][]
[1498449777.57][2017-06-25 21:02:57][joedark.local][WebServer][debug][9][ACL allowed request][["::ffff:127.0.0.1"]]
[1498449777.572][2017-06-25 21:02:57][joedark.local][WebServer][debug][9][Compressed text output with gzip: 4181 bytes down to: 864 bytes][]
[1498449777.572][2017-06-25 21:02:57][joedark.local][WebServer][debug][9][Sending HTTP response: 200 OK][{"Content-Type":"application/json","Via":"WebServerTest 1.0","Server":"WebServerTest 1.0","Content-Length":864,"Content-Encoding":"gzip"}]
[1498449777.573][2017-06-25 21:02:57][joedark.local][WebServer][debug][9][Request complete][]
[1498449777.573][2017-06-25 21:02:57][joedark.local][WebServer][debug][9][Response finished writing to socket][]
[1498449777.573][2017-06-25 21:02:57][joedark.local][WebServer][debug][9][Request performance metrics:][{"scale":1000,"perf":{"total":2.884,"read":0.01,"process":1.485,"write":1.304},"counters":{"bytes_in":136,"bytes_out":1009,"num_requests":1}}]
[1498449777.573][2017-06-25 21:02:57][joedark.local][WebServer][debug][9][Closing socket: c28][]
[1498449777.573][2017-06-25 21:02:57][joedark.local][WebServer][debug][8][HTTP connection has closed: c28][{"ip":"::ffff:127.0.0.1","total_elapsed":4,"num_requests":1,"bytes_in":136,"bytes_out":1009}]
[1498449777.585][2017-06-25 21:02:57][joedark.local][WebServer][debug][8][New incoming HTTPS (SSL) connection: cs29][{"ip":"::ffff:127.0.0.1","num_conns":2}]
[1498449777.587][2017-06-25 21:02:57][joedark.local][WebServer][debug][8][New HTTP request: GET /json (::ffff:127.0.0.1)][{"socket":"cs29","version":"1.1"}]
[1498449777.587][2017-06-25 21:02:57][joedark.local][WebServer][debug][9][Incoming HTTP Headers:][{"x-test":"Test","accept-encoding":"gzip, deflate","user-agent":"PixlRequest 1.0.14","host":"127.0.0.1:3021","connection":"close","ssl":1,"https":1}]
[1498449777.587][2017-06-25 21:02:57][joedark.local][WebServer][debug][6][Invoking handler for request: GET /json: JSON Test][]
[1498449777.588][2017-06-25 21:02:57][joedark.local][WebServer][debug][9][Compressed text output with gzip: 304 bytes down to: 233 bytes][]
[1498449777.588][2017-06-25 21:02:57][joedark.local][WebServer][debug][9][Sending HTTP response: 200 OK][{"Content-Type":"application/json","Via":"WebServerTest 1.0","Server":"WebServerTest 1.0","Content-Length":233,"Content-Encoding":"gzip"}]
[1498449777.588][2017-06-25 21:02:57][joedark.local][WebServer][debug][9][Request complete][]
[1498449777.589][2017-06-25 21:02:57][joedark.local][WebServer][debug][9][Response finished writing to socket][]
[1498449777.589][2017-06-25 21:02:57][joedark.local][WebServer][debug][9][Request performance metrics:][{"scale":1000,"perf":{"total":1.608,"read":0.024,"process":0.103,"write":1.441},"counters":{"bytes_in":141,"bytes_out":378,"num_requests":1}}]
[1498449777.589][2017-06-25 21:02:57][joedark.local][WebServer][debug][9][Closing socket: cs29][]
[1498449777.591][2017-06-25 21:02:57][joedark.local][WebServer][debug][8][HTTPS (SSL) connection has closed: cs29][{"ip":"::ffff:127.0.0.1","total_elapsed":5,"num_requests":1,"bytes_in":141,"bytes_out":378}]
[1498449777.597][2017-06-25 21:02:57][joedark.local][WebServer][debug][8][New incoming HTTPS (SSL) connection: cs30][{"ip":"::ffff:127.0.0.1","num_conns":2}]
[1498449777.597][2017-06-25 21:02:57][joedark.local][WebServer][debug][8][New HTTP request: POST /json (::ffff:127.0.0.1)][{"socket":"cs30","version":"1.1"}]
[1498449777.597][2017-06-25 21:02:57][joedark.local][WebServer][debug][9][Incoming HTTP Headers:][{"x-test":"Test","content-type":"application/x-www-form-urlencoded","accept-encoding":"gzip, deflate","user-agent":"PixlRequest 1.0.14","content-length":"18","host":"127.0.0.1:3021","connection":"close","ssl":1,"https":1}]
[1498449777.598][2017-06-25 21:02:57][joedark.local][WebServer][debug][6][Invoking handler for request: POST /json: JSON Test][]
[1498449777.598][2017-06-25 21:02:57][joedark.local][WebServer][debug][9][Compressed text output with gzip: 399 bytes down to: 286 bytes][]
[1498449777.598][2017-06-25 21:02:57][joedark.local][WebServer][debug][9][Sending HTTP response: 200 OK][{"Content-Type":"application/json","Via":"WebServerTest 1.0","Server":"WebServerTest 1.0","Content-Length":286,"Content-Encoding":"gzip"}]
[1498449777.599][2017-06-25 21:02:57][joedark.local][WebServer][debug][9][Request complete][]
[1498449777.599][2017-06-25 21:02:57][joedark.local][WebServer][debug][9][Response finished writing to socket][]
[1498449777.599][2017-06-25 21:02:57][joedark.local][WebServer][debug][9][Request performance metrics:][{"scale":1000,"perf":{"total":1.685,"read":0.336,"process":0.205,"write":1.118},"counters":{"bytes_in":229,"bytes_out":431,"num_requests":1}}]
[1498449777.599][2017-06-25 21:02:57][joedark.local][WebServer][debug][9][Closing socket: cs30][]
[1498449777.6][2017-06-25 21:02:57][joedark.local][WebServer][debug][8][HTTPS (SSL) connection has closed: cs30][{"ip":"::ffff:127.0.0.1","total_elapsed":3,"num_requests":1,"bytes_in":229,"bytes_out":431}]
[1498449777.606][2017-06-25 21:02:57][joedark.local][WebServer][debug][8][New incoming HTTPS (SSL) connection: cs31][{"ip":"::ffff:127.0.0.1","num_conns":2}]
[1498449777.606][2017-06-25 21:02:57][joedark.local][WebServer][debug][8][New HTTP request: POST /json (::ffff:127.0.0.1)][{"socket":"cs31","version":"1.1"}]
[1498449777.606][2017-06-25 21:02:57][joedark.local][WebServer][debug][9][Incoming HTTP Headers:][{"x-test":"Test","accept-encoding":"gzip, deflate","user-agent":"PixlRequest 1.0.14","content-type":"multipart/form-data; boundary=--------------------------124292019290573648454724","host":"127.0.0.1:3021","connection":"close","transfer-encoding":"chunked","ssl":1,"https":1}]
[1498449777.608][2017-06-25 21:02:57][joedark.local][WebServer][debug][6][Invoking handler for request: POST /json: JSON Test][]
[1498449777.609][2017-06-25 21:02:57][joedark.local][WebServer][debug][9][Compressed text output with gzip: 649 bytes down to: 441 bytes][]
[1498449777.609][2017-06-25 21:02:57][joedark.local][WebServer][debug][9][Sending HTTP response: 200 OK][{"Content-Type":"application/json","Via":"WebServerTest 1.0","Server":"WebServerTest 1.0","Content-Length":441,"Content-Encoding":"gzip"}]
[1498449777.609][2017-06-25 21:02:57][joedark.local][WebServer][debug][9][Request complete][]
[1498449777.609][2017-06-25 21:02:57][joedark.local][WebServer][debug][9][Response finished writing to socket][]
[1498449777.609][2017-06-25 21:02:57][joedark.local][WebServer][debug][9][Request performance metrics:][{"scale":1000,"perf":{"total":2.681,"read":1.359,"process":0.11,"write":1.144},"counters":{"bytes_in":1542,"bytes_out":586,"num_requests":1}}]
[1498449777.61][2017-06-25 21:02:57][joedark.local][WebServer][debug][9][Closing socket: cs31][]
[1498449777.611][2017-06-25 21:02:57][joedark.local][WebServer][debug][8][HTTPS (SSL) connection has closed: cs31][{"ip":"::ffff:127.0.0.1","total_elapsed":5,"num_requests":1,"bytes_in":1542,"bytes_out":586}]
[1498449777.616][2017-06-25 21:02:57][joedark.local][WebServer][debug][8][New incoming HTTPS (SSL) connection: cs32][{"ip":"::ffff:127.0.0.1","num_conns":2}]
[1498449777.617][2017-06-25 21:02:57][joedark.local][WebServer][debug][8][New HTTP request: POST /json (::ffff:127.0.0.1)][{"socket":"cs32","version":"1.1"}]
[1498449777.617][2017-06-25 21:02:57][joedark.local][WebServer][debug][9][Incoming HTTP Headers:][{"x-test":"Test","content-type":"application/json","accept-encoding":"gzip, deflate","user-agent":"PixlRequest 1.0.14","content-length":"18","host":"127.0.0.1:3021","connection":"close","ssl":1,"https":1}]
[1498449777.617][2017-06-25 21:02:57][joedark.local][WebServer][debug][6][Invoking handler for request: POST /json: JSON Test][]
[1498449777.617][2017-06-25 21:02:57][joedark.local][WebServer][debug][9][Compressed text output with gzip: 375 bytes down to: 271 bytes][]
[1498449777.617][2017-06-25 21:02:57][joedark.local][WebServer][debug][9][Sending HTTP response: 200 OK][{"Content-Type":"application/json","Via":"WebServerTest 1.0","Server":"WebServerTest 1.0","Content-Length":271,"Content-Encoding":"gzip"}]
[1498449777.618][2017-06-25 21:02:57][joedark.local][WebServer][debug][9][Request complete][]
[1498449777.618][2017-06-25 21:02:57][joedark.local][WebServer][debug][9][Response finished writing to socket][]
[1498449777.618][2017-06-25 21:02:57][joedark.local][WebServer][debug][9][Request performance metrics:][{"scale":1000,"perf":{"total":1.257,"read":0.105,"process":0.1,"write":1.021},"counters":{"bytes_in":212,"bytes_out":416,"num_requests":1}}]
[1498449777.618][2017-06-25 21:02:57][joedark.local][WebServer][debug][9][Closing socket: cs32][]
[1498449777.619][2017-06-25 21:02:57][joedark.local][WebServer][debug][8][HTTPS (SSL) connection has closed: cs32][{"ip":"::ffff:127.0.0.1","total_elapsed":3,"num_requests":1,"bytes_in":212,"bytes_out":416}]
[1498449777.621][2017-06-25 21:02:57][joedark.local][WebServer][debug][8][New incoming HTTP connection: c33][{"ip":"::ffff:127.0.0.1","num_conns":2}]
[1498449777.621][2017-06-25 21:02:57][joedark.local][WebServer][debug][8][New HTTP request: GET /json (::ffff:127.0.0.1)][{"socket":"c33","version":"1.1"}]
[1498449777.622][2017-06-25 21:02:57][joedark.local][WebServer][debug][9][Incoming HTTP Headers:][{"x-forwarded-proto":"https","x-test":"Test","accept-encoding":"gzip, deflate","user-agent":"PixlRequest 1.0.14","host":"127.0.0.1:3020","connection":"close"}]
[1498449777.622][2017-06-25 21:02:57][joedark.local][WebServer][debug][9][Detected front-end HTTPS request: x-forwarded-proto: https][]
[1498449777.622][2017-06-25 21:02:57][joedark.local][WebServer][debug][6][Invoking handler for request: GET /json: JSON Test][]
[1498449777.623][2017-06-25 21:02:57][joedark.local][WebServer][debug][9][Compressed text output with gzip: 331 bytes down to: 248 bytes][]
[1498449777.623][2017-06-25 21:02:57][joedark.local][WebServer][debug][9][Sending HTTP response: 200 OK][{"Content-Type":"application/json","Via":"WebServerTest 1.0","Server":"WebServerTest 1.0","Content-Length":248,"Content-Encoding":"gzip"}]
[1498449777.623][2017-06-25 21:02:57][joedark.local][WebServer][debug][9][Request complete][]
[1498449777.623][2017-06-25 21:02:57][joedark.local][WebServer][debug][9][Response finished writing to socket][]
[1498449777.623][2017-06-25 21:02:57][joedark.local][WebServer][debug][9][Request performance metrics:][{"scale":1000,"perf":{"total":1.368,"read":0.008,"process":0.343,"write":0.991},"counters":{"bytes_in":167,"bytes_out":393,"num_requests":1}}]
[1498449777.623][2017-06-25 21:02:57][joedark.local][WebServer][debug][9][Closing socket: c33][]
[1498449777.624][2017-06-25 21:02:57][joedark.local][WebServer][debug][8][HTTP connection has closed: c33][{"ip":"::ffff:127.0.0.1","total_elapsed":3,"num_requests":1,"bytes_in":167,"bytes_out":393}]
[1498449777.625][2017-06-25 21:02:57][joedark.local][WebServerTest][debug][1][Shutting down][]
[1498449777.626][2017-06-25 21:02:57][joedark.local][WebServerTest][debug][3][Stopping component: WebServer][]
[1498449777.626][2017-06-25 21:02:57][joedark.local][WebServer][debug][2][Shutting down HTTP server][]
[1498449777.626][2017-06-25 21:02:57][joedark.local][WebServer][debug][9][Closing HTTP connection: c25][]
[1498449777.626][2017-06-25 21:02:57][joedark.local][WebServerTest][debug][2][Shutdown complete, exiting][]
[1498449777.627][2017-06-25 21:02:57][joedark.local][WebServer][debug][3][HTTPS server has shut down.][]
